../Core/Src/main.c:98:5:main	8	static
../Core/Src/main.c:149:6:SystemClock_Config	88	static
../Core/Src/main.c:196:13:MX_ADC1_Init	56	static
../Core/Src/main.c:264:13:MX_LPUART1_UART_Init	8	static
../Core/Src/main.c:311:13:MX_TIM3_Init	56	static
../Core/Src/main.c:360:13:MX_GPIO_Init	48	static
../Core/Src/main.c:397:6:Setpoint	8	static
../Core/Src/main.c:404:6:angularposition	8	static
../Core/Src/main.c:409:6:ADC_Read_blocking	16	static
../Core/Src/main.c:429:6:Error_Handler	4	static,ignoring_inline_asm
