../Core/Src/main.c:116:5:main	24	static
../Core/Src/main.c:203:6:SystemClock_Config	88	static
../Core/Src/main.c:250:13:MX_ADC1_Init	56	static
../Core/Src/main.c:318:13:MX_TIM2_Init	64	static
../Core/Src/main.c:382:13:MX_TIM3_Init	56	static
../Core/Src/main.c:431:13:MX_GPIO_Init	48	static
../Core/Src/main.c:476:6:Setpoint	8	static
../Core/Src/main.c:483:6:angularposition	8	static
../Core/Src/main.c:488:6:ADC_Read_blocking	16	static
../Core/Src/main.c:508:6:Error_Handler	4	static,ignoring_inline_asm
